src/App.tsx(21,7): error TS6133: 'FacturacionAutoimpresor' is declared but its value is never read.
src/components/AutoimpresoTab.tsx(1,20): error TS6133: 'useRef' is declared but its value is never read.
src/components/AutoimpresoTab.tsx(4,50): error TS6133: 'Edit2' is declared but its value is never read.
src/components/AutoimpresoTab.tsx(5,13): error TS6133: 'CheckCircle' is declared but its value is never read.
src/components/AutoimpresoTab.tsx(5,26): error TS6133: 'AlertCircle' is declared but its value is never read.
src/components/AutoimpresoTab.tsx(7,26): error TS6133: 'useMutation' is declared but its value is never read.
src/components/AutoimpresoTab.tsx(26,43): error TS6133: 'dataLoading' is declared but its value is never read.
src/components/AutoimpresoTab.tsx(34,12): error TS6133: 'editingItem' is declared but its value is never read.
src/components/AutoimpresoTab.tsx(34,25): error TS6133: 'setEditingItem' is declared but its value is never read.
src/components/AutoimpresoTab.tsx(147,48): error TS7053: Element implicitly has an 'any' type because expression of type 'any' can't be used to index type 'Record<TipoComprobante, { label: string; sigla: string; icon: string; color: string; }>'.
src/components/AutoimpresoTab.tsx(561,47): error TS6133: 'idx' is declared but its value is never read.
src/components/CentroCobros.tsx(114,28): error TS7053: Element implicitly has an 'any' type because expression of type 'any' can't be used to index type 'Record<EstadoIngreso, { label: string; color: string; bg: string; icon: any; }>'.
src/components/ConciliacionBancaria.tsx(2,18): error TS6133: 'AnimatePresence' is declared but its value is never read.
src/components/ConciliacionBancaria.tsx(20,12): error TS6133: 'isProcessing' is declared but its value is never read.
src/components/FacturacionAutoimpresor.tsx(1,8): error TS6133: 'React' is declared but its value is never read.
src/components/FacturacionAutoimpresor.tsx(1,27): error TS6133: 'useEffect' is declared but its value is never read.
src/components/FacturacionAutoimpresor.tsx(1,38): error TS6133: 'useMemo' is declared but its value is never read.
src/components/FacturacionAutoimpresor.tsx(16,7): error TS6133: 'CONDICIONES' is declared but its value is never read.
src/components/FacturacionAutoimpresor.tsx(21,9): error TS6133: 'profile' is declared but its value is never read.
src/components/reportes.tsx(36,22): error TS18046: 'b.value' is of type 'unknown'.
src/components/reportes.tsx(36,32): error TS18046: 'a.value' is of type 'unknown'.
src/components/reportes.tsx(125,74): error TS2345: Argument of type 'unknown' is not assignable to parameter of type 'number | null | undefined'.
src/config/moduleCatalog.ts(3,14): error TS2741: Property 'facturas_virtuales' is missing in type '{ dashboard: { key: "dashboard"; label: string; description: string; category: "core"; availability: "implemented"; configurable: true; path: string; }; 'analizador-ia': { key: "analizador-ia"; label: string; ... 4 more ...; path: string; }; ... 39 more ...; 'impuestos-estimados': { ...; }; }' but required in type 'Record<ServiceModuleKey, ServiceModuleDefinition>'.
src/lib/autoimpreso/generadorPdf.ts(173,5): error TS2552: Cannot find name 'parametro'. Did you mean 'parametros'?
src/lib/autoimpreso/generadorPdf.ts(173,30): error TS7006: Parameter 'item' implicitly has an 'any' type.
src/lib/pdf/autoimpresor.ts(4,9): error TS2339: Property 'vfs' does not exist on type 'typeof import("C:/Users/Desktop-Home/Documents/JuanJo/node_modules/@types/pdfmake/build/pdfmake")'.
src/lib/pdf/autoimpresor.ts(4,32): error TS2339: Property 'vfs' does not exist on type 'string'.
